
=== per-(D, layout) summary ===
62×23 DataFrame
 Row │ D      layout    gcd_D_32  time_ms   total_inst  thread_inst  sm_throughput_pct  dram_throughput_pct  eligible_warps_per_cycle  shmem_kb_per_block  registers_per_thread  wave_actual  wave_ideal  wave_excess  excess_fraction  lds_scalar  lds_64          lds_128    sts_scalar  sts_64     sts_128    wide_load_float_fraction  ns_per_inst
     │ Int64  String    Int64     Float64   Float64     Float64      Float64            Float64              Float64                   Float64             Float64               Float64      Float64     Float64      Float64          Float64     Float64         Float64    Float64     Float64    Float64    Float64                   Float64
─────┼─────────────────────────────────────────────────────────────────────────────────────────────────────────────────────────────────────────────────────────────────────────────────────────────────────────────────────────────────────────────────────────────────────────────────────────────────────────────────────────────────────────────────
   1 │     2  conflict         2   3.23101   7.28516e8   2.1875e10             43.1139              95.0493                  0.473768              13.824                  34.0    3.125e8     1.85547e8    1.26953e8        0.684211    8.98438e7       1.36719e7  0.0         3.90625e7  3.90625e6  0.0                        0.233333   0.00443505
   2 │     2  orig             2   3.23389   1.09766e9   3.38438e10            56.7034              95.0257                  0.741991              13.824                  34.0    2.30469e8   2.30469e8    0.0              0.0         1.38672e8       0.0        0.0         7.03125e7  0.0        0.0                        0.0        0.00294617
   3 │     3  conflict         1   3.40285   1.04306e9   2.88389e10            56.0308              90.2546                  0.547286              19.264                  36.0    2.51389e8   2.34722e8    1.66667e7        0.0710059   1.61111e8       0.0        0.0         5.69444e7  0.0        0.0                        0.0        0.00326238
   4 │     3  orig             1   3.23587   1.16111e9   3.28806e10            68.2331              94.9534                  0.597636              19.264                  38.0    2.77778e8   2.77778e8    0.0              0.0         1.79167e8       0.0        0.0         7.5e7      0.0        0.0                        0.0        0.00278687
   5 │     4  conflict         4   3.28051   8.38869e8   2.42266e10            54.0236              93.6507                  0.511001              25.344                  46.0    8.00781e8   2.53906e8    5.46875e8        2.15384     1.43555e8  976563.0        9.76563e6   3.90625e7  0.0        1.95313e6                  0.222222   0.00391064
   6 │     4  orig             4   3.23712   1.11817e9   3.325e10              72.6874              94.9044                  0.516781              25.344                  45.0    2.98828e8   2.98828e8    0.0              0.0         2.07031e8       0.0        0.0         7.03125e7  0.0        0.0                        0.0        0.00289503
   7 │     5  conflict         1   3.31418   1.14083e9   3.09917e10            73.3242              92.7084                  0.481037              30.144                  45.0    3.21667e8   3.05e8       1.66667e7        0.0546447   2.30834e8       0.0        0.0         5.41667e7  0.0        0.0                        0.0        0.00290504
   8 │     5  orig             1   3.25654   1.29084e9   3.59884e10            85.5698              94.354                   0.649666              30.144                  45.0    3.54167e8   3.54167e8    0.0              0.0         2.55e8          0.0        0.0         7.50001e7  0.0        0.0                        0.0        0.00252282
   9 │     6  conflict         2   3.61952   1.17084e9   3.15355e10            69.4856              84.9088                  0.390528              35.424                  47.0    4.25e8      3.21528e8    1.03472e8        0.321814    2.27778e8       6.94445e6  6.25e6      5.34723e7  0.0        0.0                        0.145833   0.0030914
  10 │     6  orig             2   3.49562   1.3375e9    3.70875e10            87.0664              87.9211                  0.508195              35.424                  44.0    3.90278e8   3.90278e8    0.0              0.0         2.91667e8       0.0        0.0         7.50001e7  0.0        0.0                        0.0        0.00261354
  11 │     7  conflict         1   3.67885   1.3597e9    3.3722e10             85.9634              83.5318                  0.467274              40.064                  49.0    4.20281e8   4.02424e8    1.78571e7        0.0443739   3.22705e8       0.0        0.0         5.67603e7  0.0        0.0                        0.0        0.00270564
  12 │     7  orig             1   3.75325   1.56442e9   4.11557e10            94.3492              81.8598                  0.607407              40.064                  50.0    4.55996e8   4.55996e8    0.0              0.0         3.4949e8        0.0        0.0         8.03573e7  0.0        0.0                        0.0        0.00239913
  13 │     8  conflict         8   5.41942   1.09131e9   3.12462e10            47.6488              56.681                   0.283778              46.464                  53.0    1.48633e9   3.81836e8    1.10449e9        2.89258     2.43653e8       1.46485e6  1.80664e7   3.90626e7  0.0        1.95313e6                  0.235835   0.00496597
  14 │     8  orig             8   3.55565   1.39405e9   4.07325e10            94.3158              86.4105                  0.538346              46.464                  53.0    4.3213e8    4.3213e8     0.0              0.0         3.41797e8       0.0        0.0         7.03126e7  0.0        0.0                        0.0        0.00255059
  15 │     9  conflict         1   6.20442   1.95422e9   5.15928e10            61.1045              49.5246                  0.367718              50.144                  39.0    5.11318e8   4.92799e8    1.85185e7        0.0375782   4.12552e8       0.0        0.0         7.61318e7  0.0        0.0                        0.0        0.00317487
  16 │     9  orig             1   4.31798   1.69291e9   4.27887e10            97.6526              71.1561                  0.564667              50.144                  52.0    5.48355e8   5.48355e8    0.0              0.0         4.40844e8       0.0        0.0         8.33334e7  0.0        0.0                        0.0        0.00255064
  17 │    10  conflict         2  10.4042    1.86584e9   5.2254e10             32.6621              29.5419                  0.173908              56.224                  43.0    5.72084e8   4.50417e8    1.21667e8        0.27012     3.43334e8       7.08334e6  1.25e7      7.08334e7  0.0        0.0                        0.157464   0.00557616
  18 │    10  orig             2   5.61248   1.6625e9    4.61276e10            72.576               54.774                   0.319915              56.224                  63.0    5.31667e8   5.31667e8    0.0              0.0         4.325e8         0.0        0.0         7.50001e7  0.0        0.0                        0.0        0.00337592
  19 │    11  conflict         1  12.122     2.43854e9   5.57255e10            43.5608              25.3555                  0.201695              58.944                  43.0    7.18492e8   6.95765e8    2.27273e7        0.0326652   6.02789e8       0.0        0.0         8.8843e7   0.0        0.0                        0.0        0.00497099
  20 │    11  orig             1   7.29974   2.24122e9   4.73761e10            79.4663              42.0913                  0.33822               58.944                  60.0    7.63946e8   7.63946e8    0.0              0.0         6.37397e8       0.0        0.0         1.02273e8  0.0        0.0                        0.0        0.00325704
  21 │    12  conflict         4  11.3279    2.27778e9   5.55219e10            41.3888              27.1293                  0.203339              64.704                  46.0    8.54601e8   6.35851e8    2.1875e8         0.344027    5.01736e8       1.30208e6  2.34375e7   8.20313e7  0.0        0.0                        0.161103   0.00497323
  22 │    12  orig             4   7.02374   2.15973e9   4.92232e10            80.181               43.7357                  0.337695              64.704                  59.0    7.45226e8   7.45226e8    0.0              0.0         6.29341e8       0.0        0.0         9.375e7    0.0        0.0                        0.0        0.00325215
  23 │    13  conflict         1  11.7145    2.3236e9    5.93788e10            43.7228              26.2418                  0.200978              70.464                  47.0    6.93048e8   6.73817e8    1.92307e7        0.02854     5.91717e8       0.0        0.0         7.80326e7  0.0        0.0                        0.0        0.00504152
  24 │    13  orig             1   6.74246   2.11687e9   5.18373e10            82.2064              45.5611                  0.345241              70.464                  65.0    7.3151e8    7.3151e8     0.0              0.0         6.20933e8       0.0        0.0         8.65386e7  0.0        0.0                        0.0        0.00318511
  25 │    14  conflict         2  11.4261    2.23215e9   5.96526e10            40.2557              26.8867                  0.198943              76.224                  55.0    7.46812e8   6.18942e8    1.2787e8         0.206595    4.92667e8       7.65307e6  2.00893e7   7.42986e7  0.0        0.0                        0.162602   0.0051189
  26 │    14  orig             2   6.62202   2.12054e9   5.56137e10            82.9212              46.4                     0.3661                76.224                  81.0    7.19389e8   7.19389e8    0.0              0.0         6.14797e8       0.0        0.0         8.03573e7  0.0        0.0                        0.0        0.0031228
  27 │    15  conflict         1  10.5547    2.34056e9   6.57546e10            47.5265              29.1172                  0.207906              41.504                  50.0    6.75278e8   6.58612e8    1.66667e7        0.0253058   5.83612e8       0.0        0.0         7.08334e7  0.0        0.0                        0.0        0.00450947
  28 │    15  orig             1   5.96842   2.06e9      5.72662e10            90.87                51.4729                  0.36527               41.504                  76.0    7.08612e8   7.08612e8    0.0              0.0         6.08889e8       0.0        0.0         7.50001e7  0.0        0.0                        0.0        0.00289728
  29 │    16  conflict        16  12.524     1.9839e9    5.88841e10            33.6636              24.518                   0.146754              44.384                  50.0    1.95655e9   5.92774e8    1.36377e9        2.30066     4.45801e8       1.70899e6  3.39356e7   5.85938e7  0.0        1.95313e6                  0.237896   0.00631281
  30 │    16  orig            16   5.80454   1.99879e9   5.88103e10            91.3557              52.9331                  0.359599              44.384                  83.0    6.97511e8   6.97511e8    0.0              0.0         6.07423e8       0.0        0.0         7.03126e7  0.0        0.0                        0.0        0.00290404
  31 │    17  conflict         1  12.3869    3.21151e9   5.24291e10            76.9492              24.812                   0.257125              44.624                  58.0    1.26903e9   1.26903e9    0.0              0.0         1.1583e9        0.0        0.0         9.99135e7  0.0        0.0                        0.0        0.00385705
  32 │    17  orig             1  11.0443    3.65441e9   6.08949e10            91.9641              27.8291                  0.350846              44.624                  62.0    1.35727e9   1.35727e9    0.0              0.0         1.19939e9       0.0        0.0         1.32353e8  0.0        0.0                        0.0        0.00302217
  33 │    18  conflict         2  12.0112    3.03125e9   5.19993e10            70.7983              25.5863                  0.249689              47.344                  62.0    1.29823e9   1.16474e9    1.33488e8        0.114607    9.64122e8       1.19599e7  4.16667e7   9.87656e7  0.0        0.0                        0.165052   0.00396246
  34 │    18  orig             2  11.0546    3.59337e9   6.30966e10            90.882               27.783                   0.345673              47.344                  65.0    1.34182e9   1.34182e9    0.0              0.0         1.19213e9       0.0        0.0         1.25e8     0.0        0.0                        0.0        0.00307638
  35 │    19  conflict         1  12.7177    3.11704e9   5.62619e10            73.7313              24.1583                  0.242078              50.064                  56.0    1.24896e9   1.24896e9    0.0              0.0         1.14855e9       0.0        0.0         9.4183e7   0.0        0.0                        0.0        0.00408005
  36 │    19  orig             1  10.9533    3.57515e9   6.64036e10            90.8197              28.0617                  0.33085               50.064                  68.0    1.32791e9   1.32791e9    0.0              0.0         1.18491e9       0.0        0.0         1.18421e8  0.0        0.0                        0.0        0.00306374
  37 │    20  conflict         4  25.904     3.05e9      5.89194e10            32.1235              11.8579                  0.103492              52.784                  62.0    1.41312e9   1.14688e9    2.6625e8         0.232153    9.52188e8       1.5625e6   4.6875e7    9.53125e7  0.0        0.0                        0.166803   0.00849311
  38 │    20  orig             4  18.8034    3.48312e9   6.72028e10            52.3395              16.3469                  0.163132              52.784                  75.0    1.31562e9   1.31562e9    0.0              0.0         1.17969e9       0.0        0.0         1.125e8    0.0        0.0                        0.0        0.00539844
  39 │    21  conflict         1  19.1927    3.04536e9   6.02847e10            48.2047              16.0183                  0.139646              55.504                  64.0    1.23299e9   1.23299e9    0.0              0.0         1.13776e9       0.0        0.0         7.42631e7  0.0        0.0                        0.0        0.00630229
  40 │    21  orig             1  18.5641    3.44303e9   6.94641e10            52.5537              16.5495                  0.163295              55.504                  80.0    1.30442e9   1.30442e9    0.0              0.0         1.17375e9       0.0        0.0         1.07143e8  0.0        0.0                        0.0        0.00539179
  41 │    22  conflict         2  17.2904    2.88921e9   5.96082e10            47.8159              17.7786                  0.147039              58.224                  70.0    1.24845e9   1.13404e9    1.14411e8        0.100888    9.46025e8       9.81407e6  4.26137e7   7.07646e7  0.0        0.0                        0.167311   0.00598448
  42 │    22  orig             2  18.3466    3.42098e9   7.21395e10            52.8906              16.7496                  0.16412               58.224                  82.0    1.29597e9   1.29597e9    0.0              0.0         1.16942e9       0.0        0.0         1.02273e8  0.0        0.0                        0.0        0.00536297
  43 │    23  conflict         1  26.4151    3.09263e9   6.76796e10            34.699               11.6401                  0.102796              60.944                  64.0    1.22141e9   1.22141e9    0.0              0.0         1.13209e9       0.0        0.0         8.53025e7  0.0        0.0                        0.0        0.00854131
  44 │    23  orig             1  18.4172    3.40005e9   7.4515e10             52.2993              16.6934                  0.162345              60.944                  86.0    1.28663e9   1.28663e9    0.0              0.0         1.16493e9       0.0        0.0         9.78261e7  0.0        0.0                        0.0        0.00541673
  45 │    24  conflict         8  19.6843    2.82032e9   6.28885e10            41.3542              15.6147                  0.125916              63.664                  74.0    1.72504e9   1.12175e9    6.03299e8        0.537822    9.40756e8       1.30208e6  4.6875e7    7.11806e7  0.0        0.0                        0.168106   0.00697946
  46 │    24  orig             8  17.7793    3.33421e9   7.59517e10            53.9581              17.2865                  0.165465              63.664                  91.0    1.278e9     1.278e9      0.0              0.0         1.16211e9       0.0        0.0         9.375e7    0.0        0.0                        0.0        0.0053324
  47 │    25  conflict         1  20.532     2.9434e9    6.85688e10            44.3128              14.9701                  0.125992              66.384                  70.0    1.2112e9    1.2112e9     0.0              0.0         1.1272e9        0.0        0.0         6.8e7      0.0        0.0                        0.0        0.00697562
  48 │    25  orig             1  17.7312    3.3468e9    7.94442e10            53.6942              17.3379                  0.165989              66.384                  94.0    1.2712e9    1.2712e9     0.0              0.0         1.1574e9        0.0        0.0         9.0e7      0.0        0.0                        0.0        0.00529797
  49 │    26  conflict         2  18.3899    2.78958e9   6.71745e10            44.1136              16.7079                  0.1334                69.104                  80.0    1.21635e9   1.11336e9    1.02996e8        0.0925095   9.36394e8       8.32104e6  4.32694e7   6.5089e7   0.0        0.0                        0.168473   0.00659234
  50 │    26  orig             2  19.6477    3.27572e9   8.02302e10            48.2158              15.6453                  0.146547              69.104                  98.0    1.2648e9    1.2648e9     0.0              0.0         1.15422e9       0.0        0.0         8.65388e7  0.0        0.0                        0.0        0.005998
  51 │    27  conflict         1  25.79      2.99572e9   7.56767e10            35.0009              11.9088                  0.101972              71.824                  71.0    1.20216e9   1.20216e9    0.0              0.0         1.12294e9       0.0        0.0         7.52745e7  0.0        0.0                        0.0        0.00860894
  52 │    27  orig             1  17.3544    3.29287e9   8.38043e10            54.3166              17.7041                  0.166903              71.824                  87.0    1.25772e9   1.25772e9    0.0              0.0         1.15089e9       0.0        0.0         8.33334e7  0.0        0.0                        0.0        0.00527029
  53 │    28  conflict         4  24.634     2.84168e9   7.38559e10            32.55                12.4772                  0.101331              74.544                  82.0    1.41151e9   1.10475e9    3.06761e8        0.277674    9.32399e8       1.11607e6  4.68751e7   7.35014e7  0.0        0.0                        0.169082   0.0086688
  54 │    28  orig             4  17.1714    3.23677e9   8.48383e10            54.6502              17.8996                  0.165734              74.544                 109.0    1.25207e9   1.25207e9    0.0              0.0         1.14844e9       0.0        0.0         8.03573e7  0.0        0.0                        0.0        0.00530511
  55 │    29  conflict         1  26.0291    2.96389e9   7.98403e10            34.4958              11.8089                  0.099947              77.264                  73.0    1.19501e9   1.19501e9    0.0              0.0         1.11921e9       0.0        0.0         7.17897e7  0.0        0.0                        0.0        0.00878207
  56 │    29  orig             1  17.3742    3.25745e9   8.84001e10            53.8163              17.6906                  0.164898              77.264                  92.0    1.24673e9   1.24673e9    0.0              0.0         1.14522e9       0.0        0.0         7.75864e7  0.0        0.0                        0.0        0.00533369
  57 │    30  conflict         2  24.1107    2.81209e9   7.7791e10             33.1535              12.7486                  0.102428              79.984                  88.0    1.19333e9   1.09792e9    9.54167e7        0.086907    9.29029e8       7.22223e6  4.375e7     7.01389e7  0.0        0.0                        0.169378   0.00857395
  58 │    30  orig             2  16.7964    3.21584e9   8.99385e10            55.462               18.2994                  0.168324              79.984                 107.0    1.24167e9   1.24167e9    0.0              0.0         1.14278e9       0.0        0.0         7.50001e7  0.0        0.0                        0.0        0.005223
  59 │    31  conflict         1  25.4263    2.93406e9   8.3965e10             35.1328              12.0847                  0.101234              82.704                  79.0    1.18848e9   1.18848e9    0.0              0.0         1.1159e9        0.0        0.0         6.85485e7  0.0        0.0                        0.0        0.00866591
  60 │    31  orig             1  16.8342    3.22881e9   9.31758e10            55.1449              18.2598                  0.168657              82.704                 107.0    1.23686e9   1.23686e9    0.0              0.0         1.14022e9       0.0        0.0         7.25807e7  0.0        0.0                        0.0        0.00521374
  61 │    32  conflict        32  26.2505    2.52333e9   7.4924e10             28.7679              11.7065                  0.084363              85.424                 125.0    3.14357e9   1.0669e9     2.07667e9        1.94645     8.62554e8       1.83106e6  6.33548e7   5.8472e7   0.0        1.95314e6                  0.229612   0.0104031
  62 │    32  orig            32  16.398     3.15969e9   9.44793e10            56.3564              18.7331                  0.169411              85.424                 144.0    1.23157e9   1.23157e9    0.0              0.0         1.14161e9       0.0        0.0         7.03129e7  0.0        0.0                        0.0        0.00518976

=== head-to-head ratios where available ===
  D=2  dual/naive  time = 1.001  inst = 1.507  naive_excess = 68.4%  naive_wide_loads = 23.3%  dual_wide_loads = 0.0%
  D=3  dual/naive  time = 0.951  inst = 1.113  naive_excess = 7.1%  naive_wide_loads = 0.0%  dual_wide_loads = 0.0%
  D=4  dual/naive  time = 0.987  inst = 1.333  naive_excess = 215.4%  naive_wide_loads = 22.2%  dual_wide_loads = 0.0%
  D=5  dual/naive  time = 0.983  inst = 1.131  naive_excess = 5.5%  naive_wide_loads = 0.0%  dual_wide_loads = 0.0%
  D=6  dual/naive  time = 0.966  inst = 1.142  naive_excess = 32.2%  naive_wide_loads = 14.6%  dual_wide_loads = 0.0%
  D=7  dual/naive  time = 1.02  inst = 1.151  naive_excess = 4.4%  naive_wide_loads = 0.0%  dual_wide_loads = 0.0%
  D=8  dual/naive  time = 0.656  inst = 1.277  naive_excess = 289.3%  naive_wide_loads = 23.6%  dual_wide_loads = 0.0%
  D=9  dual/naive  time = 0.696  inst = 0.866  naive_excess = 3.8%  naive_wide_loads = 0.0%  dual_wide_loads = 0.0%
  D=10  dual/naive  time = 0.539  inst = 0.891  naive_excess = 27.0%  naive_wide_loads = 15.7%  dual_wide_loads = 0.0%
  D=11  dual/naive  time = 0.602  inst = 0.919  naive_excess = 3.3%  naive_wide_loads = 0.0%  dual_wide_loads = 0.0%
  D=12  dual/naive  time = 0.62  inst = 0.948  naive_excess = 34.4%  naive_wide_loads = 16.1%  dual_wide_loads = 0.0%
  D=13  dual/naive  time = 0.576  inst = 0.911  naive_excess = 2.9%  naive_wide_loads = 0.0%  dual_wide_loads = 0.0%
  D=14  dual/naive  time = 0.58  inst = 0.95  naive_excess = 20.7%  naive_wide_loads = 16.3%  dual_wide_loads = 0.0%
  D=15  dual/naive  time = 0.565  inst = 0.88  naive_excess = 2.5%  naive_wide_loads = 0.0%  dual_wide_loads = 0.0%
  D=16  dual/naive  time = 0.463  inst = 1.008  naive_excess = 230.1%  naive_wide_loads = 23.8%  dual_wide_loads = 0.0%
  D=17  dual/naive  time = 0.892  inst = 1.138  naive_excess = 0.0%  naive_wide_loads = 0.0%  dual_wide_loads = 0.0%
  D=18  dual/naive  time = 0.92  inst = 1.185  naive_excess = 11.5%  naive_wide_loads = 16.5%  dual_wide_loads = 0.0%
  D=19  dual/naive  time = 0.861  inst = 1.147  naive_excess = 0.0%  naive_wide_loads = 0.0%  dual_wide_loads = 0.0%
  D=20  dual/naive  time = 0.726  inst = 1.142  naive_excess = 23.2%  naive_wide_loads = 16.7%  dual_wide_loads = 0.0%
  D=21  dual/naive  time = 0.967  inst = 1.131  naive_excess = 0.0%  naive_wide_loads = 0.0%  dual_wide_loads = 0.0%
  D=22  dual/naive  time = 1.061  inst = 1.184  naive_excess = 10.1%  naive_wide_loads = 16.7%  dual_wide_loads = 0.0%
  D=23  dual/naive  time = 0.697  inst = 1.099  naive_excess = 0.0%  naive_wide_loads = 0.0%  dual_wide_loads = 0.0%
  D=24  dual/naive  time = 0.903  inst = 1.182  naive_excess = 53.8%  naive_wide_loads = 16.8%  dual_wide_loads = 0.0%
  D=25  dual/naive  time = 0.864  inst = 1.137  naive_excess = 0.0%  naive_wide_loads = 0.0%  dual_wide_loads = 0.0%
  D=26  dual/naive  time = 1.068  inst = 1.174  naive_excess = 9.3%  naive_wide_loads = 16.8%  dual_wide_loads = 0.0%
  D=27  dual/naive  time = 0.673  inst = 1.099  naive_excess = 0.0%  naive_wide_loads = 0.0%  dual_wide_loads = 0.0%
  D=28  dual/naive  time = 0.697  inst = 1.139  naive_excess = 27.8%  naive_wide_loads = 16.9%  dual_wide_loads = 0.0%
  D=29  dual/naive  time = 0.667  inst = 1.099  naive_excess = 0.0%  naive_wide_loads = 0.0%  dual_wide_loads = 0.0%
  D=30  dual/naive  time = 0.697  inst = 1.144  naive_excess = 8.7%  naive_wide_loads = 16.9%  dual_wide_loads = 0.0%
  D=31  dual/naive  time = 0.662  inst = 1.1  naive_excess = 0.0%  naive_wide_loads = 0.0%  dual_wide_loads = 0.0%
  D=32  dual/naive  time = 0.625  inst = 1.252  naive_excess = 194.6%  naive_wide_loads = 23.0%  dual_wide_loads = 0.0%

wrote dual_ablation_summary.csv  (62 rows)
